[2026-02-07 01:28:11] local.ERROR: View [admin.default.study_materials.questions.create] not found. {"exception":"[object] (InvalidArgumentException(code: 0): View [admin.default.study_materials.questions.create] not found. at /home/anmol/www/html/Customization/Abhishek/web-classranker/classranker/vendor/laravel/framework/src/Illuminate/View/FileViewFinder.php:139)
[stacktrace]
#0 /home/anmol/www/html/Customization/Abhishek/web-classranker/classranker/packages/Webkul/Theme/src/ThemeViewFinder.php(47): Illuminate\\View\\FileViewFinder->findInPaths()
#1 /home/anmol/www/html/Customization/Abhishek/web-classranker/classranker/vendor/laravel/framework/src/Illuminate/View/FileViewFinder.php(76): Webkul\\Theme\\ThemeViewFinder->findNamespacedView()
#2 /home/anmol/www/html/Customization/Abhishek/web-classranker/classranker/vendor/laravel/framework/src/Illuminate/View/Factory.php(151): Illuminate\\View\\FileViewFinder->find()
#3 /home/anmol/www/html/Customization/Abhishek/web-classranker/classranker/vendor/laravel/framework/src/Illuminate/Foundation/helpers.php(1062): Illuminate\\View\\Factory->make()
#4 /home/anmol/www/html/Customization/Abhishek/web-classranker/classranker/packages/Webkul/ClassRanker/src/Http/Controllers/StudyMaterial/QuestionController.php(37): view()
#5 /home/anmol/www/html/Customization/Abhishek/web-classranker/classranker/vendor/laravel/framework/src/Illuminate/Routing/Controller.php(54): Webkul\\ClassRanker\\Http\\Controllers\\StudyMaterial\\QuestionController->create()
#6 /home/anmol/www/html/Customization/Abhishek/web-classranker/classranker/vendor/laravel/framework/src/Illuminate/Routing/ControllerDispatcher.php(44): Illuminate\\Routing\\Controller->callAction()
#7 /home/anmol/www/html/Customization/Abhishek/web-classranker/classranker/vendor/laravel/framework/src/Illuminate/Routing/Route.php(266): Illuminate\\Routing\\ControllerDispatcher->dispatch()
#8 /home/anmol/www/html/Customization/Abhishek/web-classranker/classranker/vendor/laravel/framework/src/Illuminate/Routing/Route.php(212): Illuminate\\Routing\\Route->runController()
#9 /home/anmol/www/html/Customization/Abhishek/web-classranker/classranker/vendor/laravel/framework/src/Illuminate/Routing/Router.php(808): Illuminate\\Routing\\Route->run()
#10 /home/anmol/www/html/Customization/Abhishek/web-classranker/classranker/vendor/laravel/framework/src/Illuminate/Pipeline/Pipeline.php(170): Illuminate\\Routing\\Router->Illuminate\\Routing\\{closure}()
#11 /home/anmol/www/html/Customization/Abhishek/web-classranker/classranker/packages/Webkul/Core/src/Http/Middleware/NoCacheMiddleware.php(17): Illuminate\\Pipeline\\Pipeline->Illuminate\\Pipeline\\{closure}()
#12 /home/anmol/www/html/Customization/Abhishek/web-classranker/classranker/vendor/laravel/framework/src/Illuminate/Pipeline/Pipeline.php(209): Webkul\\Core\\Http\\Middleware\\NoCacheMiddleware->handle()
#13 /home/anmol/www/html/Customization/Abhishek/web-classranker/classranker/packages/Webkul/User/src/Http/Middleware/Bouncer.php(44): Illuminate\\Pipeline\\Pipeline->Illuminate\\Pipeline\\{closure}()
#14 /home/anmol/www/html/Customization/Abhishek/web-classranker/classranker/vendor/laravel/framework/src/Illuminate/Pipeline/Pipeline.php(209): Webkul\\User\\Http\\Middleware\\Bouncer->handle()
#15 /home/anmol/www/html/Customization/Abhishek/web-classranker/classranker/packages/Webkul/Core/src/Http/Middleware/PreventRequestsDuringMaintenance.php(73): Illuminate\\Pipeline\\Pipeline->Illuminate\\Pipeline\\{closure}()
#16 /home/anmol/www/html/Customization/Abhishek/web-classranker/classranker/vendor/laravel/framework/src/Illuminate/Pipeline/Pipeline.php(209): Webkul\\Core\\Http\\Middleware\\PreventRequestsDuringMaintenance->handle()
#17 /home/anmol/www/html/Customization/Abhishek/web-classranker/classranker/vendor/barryvdh/laravel-debugbar/src/Middleware/InjectDebugbar.php(66): Illuminate\\Pipeline\\Pipeline->Illuminate\\Pipeline\\{closure}()
#18 /home/anmol/www/html/Customization/Abhishek/web-classranker/classranker/vendor/laravel/framework/src/Illuminate/Pipeline/Pipeline.php(209): Barryvdh\\Debugbar\\Middleware\\InjectDebugbar->handle()
#19 /home/anmol/www/html/Customization/Abhishek/web-classranker/classranker/vendor/laravel/framework/src/Illuminate/Routing/Middleware/SubstituteBindings.php(51): Illuminate\\Pipeline\\Pipeline->Illuminate\\Pipeline\\{closure}()
#20 /home/anmol/www/html/Customization/Abhishek/web-classranker/classranker/vendor/laravel/framework/src/Illuminate/Pipeline/Pipeline.php(209): Illuminate\\Routing\\Middleware\\SubstituteBindings->handle()
#21 /home/anmol/www/html/Customization/Abhishek/web-classranker/classranker/vendor/laravel/framework/src/Illuminate/Foundation/Http/Middleware/VerifyCsrfToken.php(88): Illuminate\\Pipeline\\Pipeline->Illuminate\\Pipeline\\{closure}()
#22 /home/anmol/www/html/Customization/Abhishek/web-classranker/classranker/vendor/laravel/framework/src/Illuminate/Pipeline/Pipeline.php(209): Illuminate\\Foundation\\Http\\Middleware\\VerifyCsrfToken->handle()
#23 /home/anmol/www/html/Customization/Abhishek/web-classranker/classranker/vendor/laravel/framework/src/Illuminate/View/Middleware/ShareErrorsFromSession.php(49): Illuminate\\Pipeline\\Pipeline->Illuminate\\Pipeline\\{closure}()
#24 /home/anmol/www/html/Customization/Abhishek/web-classranker/classranker/vendor/laravel/framework/src/Illuminate/Pipeline/Pipeline.php(209): Illuminate\\View\\Middleware\\ShareErrorsFromSession->handle()
#25 /home/anmol/www/html/Customization/Abhishek/web-classranker/classranker/vendor/laravel/framework/src/Illuminate/Session/Middleware/StartSession.php(121): Illuminate\\Pipeline\\Pipeline->Illuminate\\Pipeline\\{closure}()
#26 /home/anmol/www/html/Customization/Abhishek/web-classranker/classranker/vendor/laravel/framework/src/Illuminate/Session/Middleware/StartSession.php(64): Illuminate\\Session\\Middleware\\StartSession->handleStatefulRequest()
#27 /home/anmol/www/html/Customization/Abhishek/web-classranker/classranker/vendor/laravel/framework/src/Illuminate/Pipeline/Pipeline.php(209): Illuminate\\Session\\Middleware\\StartSession->handle()
#28 /home/anmol/www/html/Customization/Abhishek/web-classranker/classranker/vendor/laravel/framework/src/Illuminate/Cookie/Middleware/AddQueuedCookiesToResponse.php(37): Illuminate\\Pipeline\\Pipeline->Illuminate\\Pipeline\\{closure}()
#29 /home/anmol/www/html/Customization/Abhishek/web-classranker/classranker/vendor/laravel/framework/src/Illuminate/Pipeline/Pipeline.php(209): Illuminate\\Cookie\\Middleware\\AddQueuedCookiesToResponse->handle()
#30 /home/anmol/www/html/Customization/Abhishek/web-classranker/classranker/vendor/laravel/framework/src/Illuminate/Cookie/Middleware/EncryptCookies.php(75): Illuminate\\Pipeline\\Pipeline->Illuminate\\Pipeline\\{closure}()
#31 /home/anmol/www/html/Customization/Abhishek/web-classranker/classranker/vendor/laravel/framework/src/Illuminate/Pipeline/Pipeline.php(209): Illuminate\\Cookie\\Middleware\\EncryptCookies->handle()
#32 /home/anmol/www/html/Customization/Abhishek/web-classranker/classranker/vendor/laravel/framework/src/Illuminate/Pipeline/Pipeline.php(127): Illuminate\\Pipeline\\Pipeline->Illuminate\\Pipeline\\{closure}()
#33 /home/anmol/www/html/Customization/Abhishek/web-classranker/classranker/vendor/laravel/framework/src/Illuminate/Routing/Router.php(807): Illuminate\\Pipeline\\Pipeline->then()
#34 /home/anmol/www/html/Customization/Abhishek/web-classranker/classranker/vendor/laravel/framework/src/Illuminate/Routing/Router.php(786): Illuminate\\Routing\\Router->runRouteWithinStack()
#35 /home/anmol/www/html/Customization/Abhishek/web-classranker/classranker/vendor/laravel/framework/src/Illuminate/Routing/Router.php(750): Illuminate\\Routing\\Router->runRoute()
#36 /home/anmol/www/html/Customization/Abhishek/web-classranker/classranker/vendor/laravel/framework/src/Illuminate/Routing/Router.php(739): Illuminate\\Routing\\Router->dispatchToRoute()
#37 /home/anmol/www/html/Customization/Abhishek/web-classranker/classranker/vendor/laravel/framework/src/Illuminate/Foundation/Http/Kernel.php(201): Illuminate\\Routing\\Router->dispatch()
#38 /home/anmol/www/html/Customization/Abhishek/web-classranker/classranker/vendor/laravel/framework/src/Illuminate/Pipeline/Pipeline.php(170): Illuminate\\Foundation\\Http\\Kernel->Illuminate\\Foundation\\Http\\{closure}()
#39 /home/anmol/www/html/Customization/Abhishek/web-classranker/classranker/vendor/barryvdh/laravel-debugbar/src/Middleware/InjectDebugbar.php(66): Illuminate\\Pipeline\\Pipeline->Illuminate\\Pipeline\\{closure}()
#40 /home/anmol/www/html/Customization/Abhishek/web-classranker/classranker/vendor/laravel/framework/src/Illuminate/Pipeline/Pipeline.php(209): Barryvdh\\Debugbar\\Middleware\\InjectDebugbar->handle()
#41 /home/anmol/www/html/Customization/Abhishek/web-classranker/classranker/packages/Webkul/Installer/src/Http/Middleware/CanInstall.php(36): Illuminate\\Pipeline\\Pipeline->Illuminate\\Pipeline\\{closure}()
#42 /home/anmol/www/html/Customization/Abhishek/web-classranker/classranker/vendor/laravel/framework/src/Illuminate/Pipeline/Pipeline.php(209): Webkul\\Installer\\Http\\Middleware\\CanInstall->handle()
#43 /home/anmol/www/html/Customization/Abhishek/web-classranker/classranker/packages/Webkul/Core/src/Http/Middleware/SecureHeaders.php(26): Illuminate\\Pipeline\\Pipeline->Illuminate\\Pipeline\\{closure}()
#44 /home/anmol/www/html/Customization/Abhishek/web-classranker/classranker/vendor/laravel/framework/src/Illuminate/Pipeline/Pipeline.php(209): Webkul\\Core\\Http\\Middleware\\SecureHeaders->handle()
#45 /home/anmol/www/html/Customization/Abhishek/web-classranker/classranker/vendor/laravel/framework/src/Illuminate/Foundation/Http/Middleware/TransformsRequest.php(21): Illuminate\\Pipeline\\Pipeline->Illuminate\\Pipeline\\{closure}()
#46 /home/anmol/www/html/Customization/Abhishek/web-classranker/classranker/vendor/laravel/framework/src/Illuminate/Foundation/Http/Middleware/TrimStrings.php(51): Illuminate\\Foundation\\Http\\Middleware\\TransformsRequest->handle()
#47 /home/anmol/www/html/Customization/Abhishek/web-classranker/classranker/vendor/laravel/framework/src/Illuminate/Pipeline/Pipeline.php(209): Illuminate\\Foundation\\Http\\Middleware\\TrimStrings->handle()
#48 /home/anmol/www/html/Customization/Abhishek/web-classranker/classranker/vendor/laravel/framework/src/Illuminate/Http/Middleware/ValidatePostSize.php(27): Illuminate\\Pipeline\\Pipeline->Illuminate\\Pipeline\\{closure}()
#49 /home/anmol/www/html/Customization/Abhishek/web-classranker/classranker/vendor/laravel/framework/src/Illuminate/Pipeline/Pipeline.php(209): Illuminate\\Http\\Middleware\\ValidatePostSize->handle()
#50 /home/anmol/www/html/Customization/Abhishek/web-classranker/classranker/vendor/laravel/framework/src/Illuminate/Http/Middleware/HandleCors.php(49): Illuminate\\Pipeline\\Pipeline->Illuminate\\Pipeline\\{closure}()
#51 /home/anmol/www/html/Customization/Abhishek/web-classranker/classranker/vendor/laravel/framework/src/Illuminate/Pipeline/Pipeline.php(209): Illuminate\\Http\\Middleware\\HandleCors->handle()
#52 /home/anmol/www/html/Customization/Abhishek/web-classranker/classranker/vendor/laravel/framework/src/Illuminate/Http/Middleware/TrustProxies.php(58): Illuminate\\Pipeline\\Pipeline->Illuminate\\Pipeline\\{closure}()
#53 /home/anmol/www/html/Customization/Abhishek/web-classranker/classranker/vendor/laravel/framework/src/Illuminate/Pipeline/Pipeline.php(209): Illuminate\\Http\\Middleware\\TrustProxies->handle()
#54 /home/anmol/www/html/Customization/Abhishek/web-classranker/classranker/vendor/laravel/framework/src/Illuminate/Foundation/Http/Middleware/InvokeDeferredCallbacks.php(22): Illuminate\\Pipeline\\Pipeline->Illuminate\\Pipeline\\{closure}()
#55 /home/anmol/www/html/Customization/Abhishek/web-classranker/classranker/vendor/laravel/framework/src/Illuminate/Pipeline/Pipeline.php(209): Illuminate\\Foundation\\Http\\Middleware\\InvokeDeferredCallbacks->handle()
#56 /home/anmol/www/html/Customization/Abhishek/web-classranker/classranker/vendor/laravel/framework/src/Illuminate/Pipeline/Pipeline.php(127): Illuminate\\Pipeline\\Pipeline->Illuminate\\Pipeline\\{closure}()
#57 /home/anmol/www/html/Customization/Abhishek/web-classranker/classranker/vendor/laravel/framework/src/Illuminate/Foundation/Http/Kernel.php(176): Illuminate\\Pipeline\\Pipeline->then()
#58 /home/anmol/www/html/Customization/Abhishek/web-classranker/classranker/vendor/laravel/framework/src/Illuminate/Foundation/Http/Kernel.php(145): Illuminate\\Foundation\\Http\\Kernel->sendRequestThroughRouter()
#59 /home/anmol/www/html/Customization/Abhishek/web-classranker/classranker/public/index.php(51): Illuminate\\Foundation\\Http\\Kernel->handle()
#60 {main}
"} 
[2026-02-07 01:28:19] local.ERROR: View [admin.default.study_materials.questions.index] not found. {"exception":"[object] (InvalidArgumentException(code: 0): View [admin.default.study_materials.questions.index] not found. at /home/anmol/www/html/Customization/Abhishek/web-classranker/classranker/vendor/laravel/framework/src/Illuminate/View/FileViewFinder.php:139)
[stacktrace]
#0 /home/anmol/www/html/Customization/Abhishek/web-classranker/classranker/packages/Webkul/Theme/src/ThemeViewFinder.php(47): Illuminate\\View\\FileViewFinder->findInPaths()
#1 /home/anmol/www/html/Customization/Abhishek/web-classranker/classranker/vendor/laravel/framework/src/Illuminate/View/FileViewFinder.php(76): Webkul\\Theme\\ThemeViewFinder->findNamespacedView()
#2 /home/anmol/www/html/Customization/Abhishek/web-classranker/classranker/vendor/laravel/framework/src/Illuminate/View/Factory.php(151): Illuminate\\View\\FileViewFinder->find()
#3 /home/anmol/www/html/Customization/Abhishek/web-classranker/classranker/vendor/laravel/framework/src/Illuminate/Foundation/helpers.php(1062): Illuminate\\View\\Factory->make()
#4 /home/anmol/www/html/Customization/Abhishek/web-classranker/classranker/packages/Webkul/ClassRanker/src/Http/Controllers/StudyMaterial/QuestionController.php(26): view()
#5 /home/anmol/www/html/Customization/Abhishek/web-classranker/classranker/vendor/laravel/framework/src/Illuminate/Routing/Controller.php(54): Webkul\\ClassRanker\\Http\\Controllers\\StudyMaterial\\QuestionController->index()
#6 /home/anmol/www/html/Customization/Abhishek/web-classranker/classranker/vendor/laravel/framework/src/Illuminate/Routing/ControllerDispatcher.php(44): Illuminate\\Routing\\Controller->callAction()
#7 /home/anmol/www/html/Customization/Abhishek/web-classranker/classranker/vendor/laravel/framework/src/Illuminate/Routing/Route.php(266): Illuminate\\Routing\\ControllerDispatcher->dispatch()
#8 /home/anmol/www/html/Customization/Abhishek/web-classranker/classranker/vendor/laravel/framework/src/Illuminate/Routing/Route.php(212): Illuminate\\Routing\\Route->runController()
#9 /home/anmol/www/html/Customization/Abhishek/web-classranker/classranker/vendor/laravel/framework/src/Illuminate/Routing/Router.php(808): Illuminate\\Routing\\Route->run()
#10 /home/anmol/www/html/Customization/Abhishek/web-classranker/classranker/vendor/laravel/framework/src/Illuminate/Pipeline/Pipeline.php(170): Illuminate\\Routing\\Router->Illuminate\\Routing\\{closure}()
#11 /home/anmol/www/html/Customization/Abhishek/web-classranker/classranker/packages/Webkul/Core/src/Http/Middleware/NoCacheMiddleware.php(17): Illuminate\\Pipeline\\Pipeline->Illuminate\\Pipeline\\{closure}()
#12 /home/anmol/www/html/Customization/Abhishek/web-classranker/classranker/vendor/laravel/framework/src/Illuminate/Pipeline/Pipeline.php(209): Webkul\\Core\\Http\\Middleware\\NoCacheMiddleware->handle()
#13 /home/anmol/www/html/Customization/Abhishek/web-classranker/classranker/packages/Webkul/User/src/Http/Middleware/Bouncer.php(44): Illuminate\\Pipeline\\Pipeline->Illuminate\\Pipeline\\{closure}()
#14 /home/anmol/www/html/Customization/Abhishek/web-classranker/classranker/vendor/laravel/framework/src/Illuminate/Pipeline/Pipeline.php(209): Webkul\\User\\Http\\Middleware\\Bouncer->handle()
#15 /home/anmol/www/html/Customization/Abhishek/web-classranker/classranker/packages/Webkul/Core/src/Http/Middleware/PreventRequestsDuringMaintenance.php(73): Illuminate\\Pipeline\\Pipeline->Illuminate\\Pipeline\\{closure}()
#16 /home/anmol/www/html/Customization/Abhishek/web-classranker/classranker/vendor/laravel/framework/src/Illuminate/Pipeline/Pipeline.php(209): Webkul\\Core\\Http\\Middleware\\PreventRequestsDuringMaintenance->handle()
#17 /home/anmol/www/html/Customization/Abhishek/web-classranker/classranker/vendor/barryvdh/laravel-debugbar/src/Middleware/InjectDebugbar.php(66): Illuminate\\Pipeline\\Pipeline->Illuminate\\Pipeline\\{closure}()
#18 /home/anmol/www/html/Customization/Abhishek/web-classranker/classranker/vendor/laravel/framework/src/Illuminate/Pipeline/Pipeline.php(209): Barryvdh\\Debugbar\\Middleware\\InjectDebugbar->handle()
#19 /home/anmol/www/html/Customization/Abhishek/web-classranker/classranker/vendor/laravel/framework/src/Illuminate/Routing/Middleware/SubstituteBindings.php(51): Illuminate\\Pipeline\\Pipeline->Illuminate\\Pipeline\\{closure}()
#20 /home/anmol/www/html/Customization/Abhishek/web-classranker/classranker/vendor/laravel/framework/src/Illuminate/Pipeline/Pipeline.php(209): Illuminate\\Routing\\Middleware\\SubstituteBindings->handle()
#21 /home/anmol/www/html/Customization/Abhishek/web-classranker/classranker/vendor/laravel/framework/src/Illuminate/Foundation/Http/Middleware/VerifyCsrfToken.php(88): Illuminate\\Pipeline\\Pipeline->Illuminate\\Pipeline\\{closure}()
#22 /home/anmol/www/html/Customization/Abhishek/web-classranker/classranker/vendor/laravel/framework/src/Illuminate/Pipeline/Pipeline.php(209): Illuminate\\Foundation\\Http\\Middleware\\VerifyCsrfToken->handle()
#23 /home/anmol/www/html/Customization/Abhishek/web-classranker/classranker/vendor/laravel/framework/src/Illuminate/View/Middleware/ShareErrorsFromSession.php(49): Illuminate\\Pipeline\\Pipeline->Illuminate\\Pipeline\\{closure}()
#24 /home/anmol/www/html/Customization/Abhishek/web-classranker/classranker/vendor/laravel/framework/src/Illuminate/Pipeline/Pipeline.php(209): Illuminate\\View\\Middleware\\ShareErrorsFromSession->handle()
#25 /home/anmol/www/html/Customization/Abhishek/web-classranker/classranker/vendor/laravel/framework/src/Illuminate/Session/Middleware/StartSession.php(121): Illuminate\\Pipeline\\Pipeline->Illuminate\\Pipeline\\{closure}()
#26 /home/anmol/www/html/Customization/Abhishek/web-classranker/classranker/vendor/laravel/framework/src/Illuminate/Session/Middleware/StartSession.php(64): Illuminate\\Session\\Middleware\\StartSession->handleStatefulRequest()
#27 /home/anmol/www/html/Customization/Abhishek/web-classranker/classranker/vendor/laravel/framework/src/Illuminate/Pipeline/Pipeline.php(209): Illuminate\\Session\\Middleware\\StartSession->handle()
#28 /home/anmol/www/html/Customization/Abhishek/web-classranker/classranker/vendor/laravel/framework/src/Illuminate/Cookie/Middleware/AddQueuedCookiesToResponse.php(37): Illuminate\\Pipeline\\Pipeline->Illuminate\\Pipeline\\{closure}()
#29 /home/anmol/www/html/Customization/Abhishek/web-classranker/classranker/vendor/laravel/framework/src/Illuminate/Pipeline/Pipeline.php(209): Illuminate\\Cookie\\Middleware\\AddQueuedCookiesToResponse->handle()
#30 /home/anmol/www/html/Customization/Abhishek/web-classranker/classranker/vendor/laravel/framework/src/Illuminate/Cookie/Middleware/EncryptCookies.php(75): Illuminate\\Pipeline\\Pipeline->Illuminate\\Pipeline\\{closure}()
#31 /home/anmol/www/html/Customization/Abhishek/web-classranker/classranker/vendor/laravel/framework/src/Illuminate/Pipeline/Pipeline.php(209): Illuminate\\Cookie\\Middleware\\EncryptCookies->handle()
#32 /home/anmol/www/html/Customization/Abhishek/web-classranker/classranker/vendor/laravel/framework/src/Illuminate/Pipeline/Pipeline.php(127): Illuminate\\Pipeline\\Pipeline->Illuminate\\Pipeline\\{closure}()
#33 /home/anmol/www/html/Customization/Abhishek/web-classranker/classranker/vendor/laravel/framework/src/Illuminate/Routing/Router.php(807): Illuminate\\Pipeline\\Pipeline->then()
#34 /home/anmol/www/html/Customization/Abhishek/web-classranker/classranker/vendor/laravel/framework/src/Illuminate/Routing/Router.php(786): Illuminate\\Routing\\Router->runRouteWithinStack()
#35 /home/anmol/www/html/Customization/Abhishek/web-classranker/classranker/vendor/laravel/framework/src/Illuminate/Routing/Router.php(750): Illuminate\\Routing\\Router->runRoute()
#36 /home/anmol/www/html/Customization/Abhishek/web-classranker/classranker/vendor/laravel/framework/src/Illuminate/Routing/Router.php(739): Illuminate\\Routing\\Router->dispatchToRoute()
#37 /home/anmol/www/html/Customization/Abhishek/web-classranker/classranker/vendor/laravel/framework/src/Illuminate/Foundation/Http/Kernel.php(201): Illuminate\\Routing\\Router->dispatch()
#38 /home/anmol/www/html/Customization/Abhishek/web-classranker/classranker/vendor/laravel/framework/src/Illuminate/Pipeline/Pipeline.php(170): Illuminate\\Foundation\\Http\\Kernel->Illuminate\\Foundation\\Http\\{closure}()
#39 /home/anmol/www/html/Customization/Abhishek/web-classranker/classranker/vendor/barryvdh/laravel-debugbar/src/Middleware/InjectDebugbar.php(66): Illuminate\\Pipeline\\Pipeline->Illuminate\\Pipeline\\{closure}()
#40 /home/anmol/www/html/Customization/Abhishek/web-classranker/classranker/vendor/laravel/framework/src/Illuminate/Pipeline/Pipeline.php(209): Barryvdh\\Debugbar\\Middleware\\InjectDebugbar->handle()
#41 /home/anmol/www/html/Customization/Abhishek/web-classranker/classranker/packages/Webkul/Installer/src/Http/Middleware/CanInstall.php(36): Illuminate\\Pipeline\\Pipeline->Illuminate\\Pipeline\\{closure}()
#42 /home/anmol/www/html/Customization/Abhishek/web-classranker/classranker/vendor/laravel/framework/src/Illuminate/Pipeline/Pipeline.php(209): Webkul\\Installer\\Http\\Middleware\\CanInstall->handle()
#43 /home/anmol/www/html/Customization/Abhishek/web-classranker/classranker/packages/Webkul/Core/src/Http/Middleware/SecureHeaders.php(26): Illuminate\\Pipeline\\Pipeline->Illuminate\\Pipeline\\{closure}()
#44 /home/anmol/www/html/Customization/Abhishek/web-classranker/classranker/vendor/laravel/framework/src/Illuminate/Pipeline/Pipeline.php(209): Webkul\\Core\\Http\\Middleware\\SecureHeaders->handle()
#45 /home/anmol/www/html/Customization/Abhishek/web-classranker/classranker/vendor/laravel/framework/src/Illuminate/Foundation/Http/Middleware/TransformsRequest.php(21): Illuminate\\Pipeline\\Pipeline->Illuminate\\Pipeline\\{closure}()
#46 /home/anmol/www/html/Customization/Abhishek/web-classranker/classranker/vendor/laravel/framework/src/Illuminate/Foundation/Http/Middleware/TrimStrings.php(51): Illuminate\\Foundation\\Http\\Middleware\\TransformsRequest->handle()
#47 /home/anmol/www/html/Customization/Abhishek/web-classranker/classranker/vendor/laravel/framework/src/Illuminate/Pipeline/Pipeline.php(209): Illuminate\\Foundation\\Http\\Middleware\\TrimStrings->handle()
#48 /home/anmol/www/html/Customization/Abhishek/web-classranker/classranker/vendor/laravel/framework/src/Illuminate/Http/Middleware/ValidatePostSize.php(27): Illuminate\\Pipeline\\Pipeline->Illuminate\\Pipeline\\{closure}()
#49 /home/anmol/www/html/Customization/Abhishek/web-classranker/classranker/vendor/laravel/framework/src/Illuminate/Pipeline/Pipeline.php(209): Illuminate\\Http\\Middleware\\ValidatePostSize->handle()
#50 /home/anmol/www/html/Customization/Abhishek/web-classranker/classranker/vendor/laravel/framework/src/Illuminate/Http/Middleware/HandleCors.php(49): Illuminate\\Pipeline\\Pipeline->Illuminate\\Pipeline\\{closure}()
#51 /home/anmol/www/html/Customization/Abhishek/web-classranker/classranker/vendor/laravel/framework/src/Illuminate/Pipeline/Pipeline.php(209): Illuminate\\Http\\Middleware\\HandleCors->handle()
#52 /home/anmol/www/html/Customization/Abhishek/web-classranker/classranker/vendor/laravel/framework/src/Illuminate/Http/Middleware/TrustProxies.php(58): Illuminate\\Pipeline\\Pipeline->Illuminate\\Pipeline\\{closure}()
#53 /home/anmol/www/html/Customization/Abhishek/web-classranker/classranker/vendor/laravel/framework/src/Illuminate/Pipeline/Pipeline.php(209): Illuminate\\Http\\Middleware\\TrustProxies->handle()
#54 /home/anmol/www/html/Customization/Abhishek/web-classranker/classranker/vendor/laravel/framework/src/Illuminate/Foundation/Http/Middleware/InvokeDeferredCallbacks.php(22): Illuminate\\Pipeline\\Pipeline->Illuminate\\Pipeline\\{closure}()
#55 /home/anmol/www/html/Customization/Abhishek/web-classranker/classranker/vendor/laravel/framework/src/Illuminate/Pipeline/Pipeline.php(209): Illuminate\\Foundation\\Http\\Middleware\\InvokeDeferredCallbacks->handle()
#56 /home/anmol/www/html/Customization/Abhishek/web-classranker/classranker/vendor/laravel/framework/src/Illuminate/Pipeline/Pipeline.php(127): Illuminate\\Pipeline\\Pipeline->Illuminate\\Pipeline\\{closure}()
#57 /home/anmol/www/html/Customization/Abhishek/web-classranker/classranker/vendor/laravel/framework/src/Illuminate/Foundation/Http/Kernel.php(176): Illuminate\\Pipeline\\Pipeline->then()
#58 /home/anmol/www/html/Customization/Abhishek/web-classranker/classranker/vendor/laravel/framework/src/Illuminate/Foundation/Http/Kernel.php(145): Illuminate\\Foundation\\Http\\Kernel->sendRequestThroughRouter()
#59 /home/anmol/www/html/Customization/Abhishek/web-classranker/classranker/public/index.php(51): Illuminate\\Foundation\\Http\\Kernel->handle()
#60 {main}
"} 
[2026-02-07 01:29:10] local.ERROR: View [study_materials.questions.index] not found. {"exception":"[object] (InvalidArgumentException(code: 0): View [study_materials.questions.index] not found. at /home/anmol/www/html/Customization/Abhishek/web-classranker/classranker/vendor/laravel/framework/src/Illuminate/View/FileViewFinder.php:139)
[stacktrace]
#0 /home/anmol/www/html/Customization/Abhishek/web-classranker/classranker/packages/Webkul/Theme/src/ThemeViewFinder.php(47): Illuminate\\View\\FileViewFinder->findInPaths()
#1 /home/anmol/www/html/Customization/Abhishek/web-classranker/classranker/vendor/laravel/framework/src/Illuminate/View/FileViewFinder.php(76): Webkul\\Theme\\ThemeViewFinder->findNamespacedView()
#2 /home/anmol/www/html/Customization/Abhishek/web-classranker/classranker/vendor/laravel/framework/src/Illuminate/View/Factory.php(151): Illuminate\\View\\FileViewFinder->find()
#3 /home/anmol/www/html/Customization/Abhishek/web-classranker/classranker/vendor/laravel/framework/src/Illuminate/Foundation/helpers.php(1062): Illuminate\\View\\Factory->make()
#4 /home/anmol/www/html/Customization/Abhishek/web-classranker/classranker/packages/Webkul/ClassRanker/src/Http/Controllers/StudyMaterial/QuestionController.php(26): view()
#5 /home/anmol/www/html/Customization/Abhishek/web-classranker/classranker/vendor/laravel/framework/src/Illuminate/Routing/Controller.php(54): Webkul\\ClassRanker\\Http\\Controllers\\StudyMaterial\\QuestionController->index()
#6 /home/anmol/www/html/Customization/Abhishek/web-classranker/classranker/vendor/laravel/framework/src/Illuminate/Routing/ControllerDispatcher.php(44): Illuminate\\Routing\\Controller->callAction()
#7 /home/anmol/www/html/Customization/Abhishek/web-classranker/classranker/vendor/laravel/framework/src/Illuminate/Routing/Route.php(266): Illuminate\\Routing\\ControllerDispatcher->dispatch()
#8 /home/anmol/www/html/Customization/Abhishek/web-classranker/classranker/vendor/laravel/framework/src/Illuminate/Routing/Route.php(212): Illuminate\\Routing\\Route->runController()
#9 /home/anmol/www/html/Customization/Abhishek/web-classranker/classranker/vendor/laravel/framework/src/Illuminate/Routing/Router.php(808): Illuminate\\Routing\\Route->run()
#10 /home/anmol/www/html/Customization/Abhishek/web-classranker/classranker/vendor/laravel/framework/src/Illuminate/Pipeline/Pipeline.php(170): Illuminate\\Routing\\Router->Illuminate\\Routing\\{closure}()
#11 /home/anmol/www/html/Customization/Abhishek/web-classranker/classranker/packages/Webkul/Core/src/Http/Middleware/NoCacheMiddleware.php(17): Illuminate\\Pipeline\\Pipeline->Illuminate\\Pipeline\\{closure}()
#12 /home/anmol/www/html/Customization/Abhishek/web-classranker/classranker/vendor/laravel/framework/src/Illuminate/Pipeline/Pipeline.php(209): Webkul\\Core\\Http\\Middleware\\NoCacheMiddleware->handle()
#13 /home/anmol/www/html/Customization/Abhishek/web-classranker/classranker/packages/Webkul/User/src/Http/Middleware/Bouncer.php(44): Illuminate\\Pipeline\\Pipeline->Illuminate\\Pipeline\\{closure}()
#14 /home/anmol/www/html/Customization/Abhishek/web-classranker/classranker/vendor/laravel/framework/src/Illuminate/Pipeline/Pipeline.php(209): Webkul\\User\\Http\\Middleware\\Bouncer->handle()
#15 /home/anmol/www/html/Customization/Abhishek/web-classranker/classranker/packages/Webkul/Core/src/Http/Middleware/PreventRequestsDuringMaintenance.php(73): Illuminate\\Pipeline\\Pipeline->Illuminate\\Pipeline\\{closure}()
#16 /home/anmol/www/html/Customization/Abhishek/web-classranker/classranker/vendor/laravel/framework/src/Illuminate/Pipeline/Pipeline.php(209): Webkul\\Core\\Http\\Middleware\\PreventRequestsDuringMaintenance->handle()
#17 /home/anmol/www/html/Customization/Abhishek/web-classranker/classranker/vendor/barryvdh/laravel-debugbar/src/Middleware/InjectDebugbar.php(66): Illuminate\\Pipeline\\Pipeline->Illuminate\\Pipeline\\{closure}()
#18 /home/anmol/www/html/Customization/Abhishek/web-classranker/classranker/vendor/laravel/framework/src/Illuminate/Pipeline/Pipeline.php(209): Barryvdh\\Debugbar\\Middleware\\InjectDebugbar->handle()
#19 /home/anmol/www/html/Customization/Abhishek/web-classranker/classranker/vendor/laravel/framework/src/Illuminate/Routing/Middleware/SubstituteBindings.php(51): Illuminate\\Pipeline\\Pipeline->Illuminate\\Pipeline\\{closure}()
#20 /home/anmol/www/html/Customization/Abhishek/web-classranker/classranker/vendor/laravel/framework/src/Illuminate/Pipeline/Pipeline.php(209): Illuminate\\Routing\\Middleware\\SubstituteBindings->handle()
#21 /home/anmol/www/html/Customization/Abhishek/web-classranker/classranker/vendor/laravel/framework/src/Illuminate/Foundation/Http/Middleware/VerifyCsrfToken.php(88): Illuminate\\Pipeline\\Pipeline->Illuminate\\Pipeline\\{closure}()
#22 /home/anmol/www/html/Customization/Abhishek/web-classranker/classranker/vendor/laravel/framework/src/Illuminate/Pipeline/Pipeline.php(209): Illuminate\\Foundation\\Http\\Middleware\\VerifyCsrfToken->handle()
#23 /home/anmol/www/html/Customization/Abhishek/web-classranker/classranker/vendor/laravel/framework/src/Illuminate/View/Middleware/ShareErrorsFromSession.php(49): Illuminate\\Pipeline\\Pipeline->Illuminate\\Pipeline\\{closure}()
#24 /home/anmol/www/html/Customization/Abhishek/web-classranker/classranker/vendor/laravel/framework/src/Illuminate/Pipeline/Pipeline.php(209): Illuminate\\View\\Middleware\\ShareErrorsFromSession->handle()
#25 /home/anmol/www/html/Customization/Abhishek/web-classranker/classranker/vendor/laravel/framework/src/Illuminate/Session/Middleware/StartSession.php(121): Illuminate\\Pipeline\\Pipeline->Illuminate\\Pipeline\\{closure}()
#26 /home/anmol/www/html/Customization/Abhishek/web-classranker/classranker/vendor/laravel/framework/src/Illuminate/Session/Middleware/StartSession.php(64): Illuminate\\Session\\Middleware\\StartSession->handleStatefulRequest()
#27 /home/anmol/www/html/Customization/Abhishek/web-classranker/classranker/vendor/laravel/framework/src/Illuminate/Pipeline/Pipeline.php(209): Illuminate\\Session\\Middleware\\StartSession->handle()
#28 /home/anmol/www/html/Customization/Abhishek/web-classranker/classranker/vendor/laravel/framework/src/Illuminate/Cookie/Middleware/AddQueuedCookiesToResponse.php(37): Illuminate\\Pipeline\\Pipeline->Illuminate\\Pipeline\\{closure}()
#29 /home/anmol/www/html/Customization/Abhishek/web-classranker/classranker/vendor/laravel/framework/src/Illuminate/Pipeline/Pipeline.php(209): Illuminate\\Cookie\\Middleware\\AddQueuedCookiesToResponse->handle()
#30 /home/anmol/www/html/Customization/Abhishek/web-classranker/classranker/vendor/laravel/framework/src/Illuminate/Cookie/Middleware/EncryptCookies.php(75): Illuminate\\Pipeline\\Pipeline->Illuminate\\Pipeline\\{closure}()
#31 /home/anmol/www/html/Customization/Abhishek/web-classranker/classranker/vendor/laravel/framework/src/Illuminate/Pipeline/Pipeline.php(209): Illuminate\\Cookie\\Middleware\\EncryptCookies->handle()
#32 /home/anmol/www/html/Customization/Abhishek/web-classranker/classranker/vendor/laravel/framework/src/Illuminate/Pipeline/Pipeline.php(127): Illuminate\\Pipeline\\Pipeline->Illuminate\\Pipeline\\{closure}()
#33 /home/anmol/www/html/Customization/Abhishek/web-classranker/classranker/vendor/laravel/framework/src/Illuminate/Routing/Router.php(807): Illuminate\\Pipeline\\Pipeline->then()
#34 /home/anmol/www/html/Customization/Abhishek/web-classranker/classranker/vendor/laravel/framework/src/Illuminate/Routing/Router.php(786): Illuminate\\Routing\\Router->runRouteWithinStack()
#35 /home/anmol/www/html/Customization/Abhishek/web-classranker/classranker/vendor/laravel/framework/src/Illuminate/Routing/Router.php(750): Illuminate\\Routing\\Router->runRoute()
#36 /home/anmol/www/html/Customization/Abhishek/web-classranker/classranker/vendor/laravel/framework/src/Illuminate/Routing/Router.php(739): Illuminate\\Routing\\Router->dispatchToRoute()
#37 /home/anmol/www/html/Customization/Abhishek/web-classranker/classranker/vendor/laravel/framework/src/Illuminate/Foundation/Http/Kernel.php(201): Illuminate\\Routing\\Router->dispatch()
#38 /home/anmol/www/html/Customization/Abhishek/web-classranker/classranker/vendor/laravel/framework/src/Illuminate/Pipeline/Pipeline.php(170): Illuminate\\Foundation\\Http\\Kernel->Illuminate\\Foundation\\Http\\{closure}()
#39 /home/anmol/www/html/Customization/Abhishek/web-classranker/classranker/vendor/barryvdh/laravel-debugbar/src/Middleware/InjectDebugbar.php(66): Illuminate\\Pipeline\\Pipeline->Illuminate\\Pipeline\\{closure}()
#40 /home/anmol/www/html/Customization/Abhishek/web-classranker/classranker/vendor/laravel/framework/src/Illuminate/Pipeline/Pipeline.php(209): Barryvdh\\Debugbar\\Middleware\\InjectDebugbar->handle()
#41 /home/anmol/www/html/Customization/Abhishek/web-classranker/classranker/packages/Webkul/Installer/src/Http/Middleware/CanInstall.php(36): Illuminate\\Pipeline\\Pipeline->Illuminate\\Pipeline\\{closure}()
#42 /home/anmol/www/html/Customization/Abhishek/web-classranker/classranker/vendor/laravel/framework/src/Illuminate/Pipeline/Pipeline.php(209): Webkul\\Installer\\Http\\Middleware\\CanInstall->handle()
#43 /home/anmol/www/html/Customization/Abhishek/web-classranker/classranker/packages/Webkul/Core/src/Http/Middleware/SecureHeaders.php(26): Illuminate\\Pipeline\\Pipeline->Illuminate\\Pipeline\\{closure}()
#44 /home/anmol/www/html/Customization/Abhishek/web-classranker/classranker/vendor/laravel/framework/src/Illuminate/Pipeline/Pipeline.php(209): Webkul\\Core\\Http\\Middleware\\SecureHeaders->handle()
#45 /home/anmol/www/html/Customization/Abhishek/web-classranker/classranker/vendor/laravel/framework/src/Illuminate/Foundation/Http/Middleware/TransformsRequest.php(21): Illuminate\\Pipeline\\Pipeline->Illuminate\\Pipeline\\{closure}()
#46 /home/anmol/www/html/Customization/Abhishek/web-classranker/classranker/vendor/laravel/framework/src/Illuminate/Foundation/Http/Middleware/TrimStrings.php(51): Illuminate\\Foundation\\Http\\Middleware\\TransformsRequest->handle()
#47 /home/anmol/www/html/Customization/Abhishek/web-classranker/classranker/vendor/laravel/framework/src/Illuminate/Pipeline/Pipeline.php(209): Illuminate\\Foundation\\Http\\Middleware\\TrimStrings->handle()
#48 /home/anmol/www/html/Customization/Abhishek/web-classranker/classranker/vendor/laravel/framework/src/Illuminate/Http/Middleware/ValidatePostSize.php(27): Illuminate\\Pipeline\\Pipeline->Illuminate\\Pipeline\\{closure}()
#49 /home/anmol/www/html/Customization/Abhishek/web-classranker/classranker/vendor/laravel/framework/src/Illuminate/Pipeline/Pipeline.php(209): Illuminate\\Http\\Middleware\\ValidatePostSize->handle()
#50 /home/anmol/www/html/Customization/Abhishek/web-classranker/classranker/vendor/laravel/framework/src/Illuminate/Http/Middleware/HandleCors.php(49): Illuminate\\Pipeline\\Pipeline->Illuminate\\Pipeline\\{closure}()
#51 /home/anmol/www/html/Customization/Abhishek/web-classranker/classranker/vendor/laravel/framework/src/Illuminate/Pipeline/Pipeline.php(209): Illuminate\\Http\\Middleware\\HandleCors->handle()
#52 /home/anmol/www/html/Customization/Abhishek/web-classranker/classranker/vendor/laravel/framework/src/Illuminate/Http/Middleware/TrustProxies.php(58): Illuminate\\Pipeline\\Pipeline->Illuminate\\Pipeline\\{closure}()
#53 /home/anmol/www/html/Customization/Abhishek/web-classranker/classranker/vendor/laravel/framework/src/Illuminate/Pipeline/Pipeline.php(209): Illuminate\\Http\\Middleware\\TrustProxies->handle()
#54 /home/anmol/www/html/Customization/Abhishek/web-classranker/classranker/vendor/laravel/framework/src/Illuminate/Foundation/Http/Middleware/InvokeDeferredCallbacks.php(22): Illuminate\\Pipeline\\Pipeline->Illuminate\\Pipeline\\{closure}()
#55 /home/anmol/www/html/Customization/Abhishek/web-classranker/classranker/vendor/laravel/framework/src/Illuminate/Pipeline/Pipeline.php(209): Illuminate\\Foundation\\Http\\Middleware\\InvokeDeferredCallbacks->handle()
#56 /home/anmol/www/html/Customization/Abhishek/web-classranker/classranker/vendor/laravel/framework/src/Illuminate/Pipeline/Pipeline.php(127): Illuminate\\Pipeline\\Pipeline->Illuminate\\Pipeline\\{closure}()
#57 /home/anmol/www/html/Customization/Abhishek/web-classranker/classranker/vendor/laravel/framework/src/Illuminate/Foundation/Http/Kernel.php(176): Illuminate\\Pipeline\\Pipeline->then()
#58 /home/anmol/www/html/Customization/Abhishek/web-classranker/classranker/vendor/laravel/framework/src/Illuminate/Foundation/Http/Kernel.php(145): Illuminate\\Foundation\\Http\\Kernel->sendRequestThroughRouter()
#59 /home/anmol/www/html/Customization/Abhishek/web-classranker/classranker/public/index.php(51): Illuminate\\Foundation\\Http\\Kernel->handle()
#60 {main}
"} 
[2026-02-07 01:30:49] local.ERROR: View [study-materials.questions.index] not found. {"exception":"[object] (InvalidArgumentException(code: 0): View [study-materials.questions.index] not found. at /home/anmol/www/html/Customization/Abhishek/web-classranker/classranker/vendor/laravel/framework/src/Illuminate/View/FileViewFinder.php:139)
[stacktrace]
#0 /home/anmol/www/html/Customization/Abhishek/web-classranker/classranker/packages/Webkul/Theme/src/ThemeViewFinder.php(47): Illuminate\\View\\FileViewFinder->findInPaths()
#1 /home/anmol/www/html/Customization/Abhishek/web-classranker/classranker/vendor/laravel/framework/src/Illuminate/View/FileViewFinder.php(76): Webkul\\Theme\\ThemeViewFinder->findNamespacedView()
#2 /home/anmol/www/html/Customization/Abhishek/web-classranker/classranker/vendor/laravel/framework/src/Illuminate/View/Factory.php(151): Illuminate\\View\\FileViewFinder->find()
#3 /home/anmol/www/html/Customization/Abhishek/web-classranker/classranker/vendor/laravel/framework/src/Illuminate/Foundation/helpers.php(1062): Illuminate\\View\\Factory->make()
#4 /home/anmol/www/html/Customization/Abhishek/web-classranker/classranker/packages/Webkul/ClassRanker/src/Http/Controllers/StudyMaterial/QuestionController.php(26): view()
#5 /home/anmol/www/html/Customization/Abhishek/web-classranker/classranker/vendor/laravel/framework/src/Illuminate/Routing/Controller.php(54): Webkul\\ClassRanker\\Http\\Controllers\\StudyMaterial\\QuestionController->index()
#6 /home/anmol/www/html/Customization/Abhishek/web-classranker/classranker/vendor/laravel/framework/src/Illuminate/Routing/ControllerDispatcher.php(44): Illuminate\\Routing\\Controller->callAction()
#7 /home/anmol/www/html/Customization/Abhishek/web-classranker/classranker/vendor/laravel/framework/src/Illuminate/Routing/Route.php(266): Illuminate\\Routing\\ControllerDispatcher->dispatch()
#8 /home/anmol/www/html/Customization/Abhishek/web-classranker/classranker/vendor/laravel/framework/src/Illuminate/Routing/Route.php(212): Illuminate\\Routing\\Route->runController()
#9 /home/anmol/www/html/Customization/Abhishek/web-classranker/classranker/vendor/laravel/framework/src/Illuminate/Routing/Router.php(808): Illuminate\\Routing\\Route->run()
#10 /home/anmol/www/html/Customization/Abhishek/web-classranker/classranker/vendor/laravel/framework/src/Illuminate/Pipeline/Pipeline.php(170): Illuminate\\Routing\\Router->Illuminate\\Routing\\{closure}()
#11 /home/anmol/www/html/Customization/Abhishek/web-classranker/classranker/packages/Webkul/Core/src/Http/Middleware/NoCacheMiddleware.php(17): Illuminate\\Pipeline\\Pipeline->Illuminate\\Pipeline\\{closure}()
#12 /home/anmol/www/html/Customization/Abhishek/web-classranker/classranker/vendor/laravel/framework/src/Illuminate/Pipeline/Pipeline.php(209): Webkul\\Core\\Http\\Middleware\\NoCacheMiddleware->handle()
#13 /home/anmol/www/html/Customization/Abhishek/web-classranker/classranker/packages/Webkul/User/src/Http/Middleware/Bouncer.php(44): Illuminate\\Pipeline\\Pipeline->Illuminate\\Pipeline\\{closure}()
#14 /home/anmol/www/html/Customization/Abhishek/web-classranker/classranker/vendor/laravel/framework/src/Illuminate/Pipeline/Pipeline.php(209): Webkul\\User\\Http\\Middleware\\Bouncer->handle()
#15 /home/anmol/www/html/Customization/Abhishek/web-classranker/classranker/packages/Webkul/Core/src/Http/Middleware/PreventRequestsDuringMaintenance.php(73): Illuminate\\Pipeline\\Pipeline->Illuminate\\Pipeline\\{closure}()
#16 /home/anmol/www/html/Customization/Abhishek/web-classranker/classranker/vendor/laravel/framework/src/Illuminate/Pipeline/Pipeline.php(209): Webkul\\Core\\Http\\Middleware\\PreventRequestsDuringMaintenance->handle()
#17 /home/anmol/www/html/Customization/Abhishek/web-classranker/classranker/vendor/barryvdh/laravel-debugbar/src/Middleware/InjectDebugbar.php(66): Illuminate\\Pipeline\\Pipeline->Illuminate\\Pipeline\\{closure}()
#18 /home/anmol/www/html/Customization/Abhishek/web-classranker/classranker/vendor/laravel/framework/src/Illuminate/Pipeline/Pipeline.php(209): Barryvdh\\Debugbar\\Middleware\\InjectDebugbar->handle()
#19 /home/anmol/www/html/Customization/Abhishek/web-classranker/classranker/vendor/laravel/framework/src/Illuminate/Routing/Middleware/SubstituteBindings.php(51): Illuminate\\Pipeline\\Pipeline->Illuminate\\Pipeline\\{closure}()
#20 /home/anmol/www/html/Customization/Abhishek/web-classranker/classranker/vendor/laravel/framework/src/Illuminate/Pipeline/Pipeline.php(209): Illuminate\\Routing\\Middleware\\SubstituteBindings->handle()
#21 /home/anmol/www/html/Customization/Abhishek/web-classranker/classranker/vendor/laravel/framework/src/Illuminate/Foundation/Http/Middleware/VerifyCsrfToken.php(88): Illuminate\\Pipeline\\Pipeline->Illuminate\\Pipeline\\{closure}()
#22 /home/anmol/www/html/Customization/Abhishek/web-classranker/classranker/vendor/laravel/framework/src/Illuminate/Pipeline/Pipeline.php(209): Illuminate\\Foundation\\Http\\Middleware\\VerifyCsrfToken->handle()
#23 /home/anmol/www/html/Customization/Abhishek/web-classranker/classranker/vendor/laravel/framework/src/Illuminate/View/Middleware/ShareErrorsFromSession.php(49): Illuminate\\Pipeline\\Pipeline->Illuminate\\Pipeline\\{closure}()
#24 /home/anmol/www/html/Customization/Abhishek/web-classranker/classranker/vendor/laravel/framework/src/Illuminate/Pipeline/Pipeline.php(209): Illuminate\\View\\Middleware\\ShareErrorsFromSession->handle()
#25 /home/anmol/www/html/Customization/Abhishek/web-classranker/classranker/vendor/laravel/framework/src/Illuminate/Session/Middleware/StartSession.php(121): Illuminate\\Pipeline\\Pipeline->Illuminate\\Pipeline\\{closure}()
#26 /home/anmol/www/html/Customization/Abhishek/web-classranker/classranker/vendor/laravel/framework/src/Illuminate/Session/Middleware/StartSession.php(64): Illuminate\\Session\\Middleware\\StartSession->handleStatefulRequest()
#27 /home/anmol/www/html/Customization/Abhishek/web-classranker/classranker/vendor/laravel/framework/src/Illuminate/Pipeline/Pipeline.php(209): Illuminate\\Session\\Middleware\\StartSession->handle()
#28 /home/anmol/www/html/Customization/Abhishek/web-classranker/classranker/vendor/laravel/framework/src/Illuminate/Cookie/Middleware/AddQueuedCookiesToResponse.php(37): Illuminate\\Pipeline\\Pipeline->Illuminate\\Pipeline\\{closure}()
#29 /home/anmol/www/html/Customization/Abhishek/web-classranker/classranker/vendor/laravel/framework/src/Illuminate/Pipeline/Pipeline.php(209): Illuminate\\Cookie\\Middleware\\AddQueuedCookiesToResponse->handle()
#30 /home/anmol/www/html/Customization/Abhishek/web-classranker/classranker/vendor/laravel/framework/src/Illuminate/Cookie/Middleware/EncryptCookies.php(75): Illuminate\\Pipeline\\Pipeline->Illuminate\\Pipeline\\{closure}()
#31 /home/anmol/www/html/Customization/Abhishek/web-classranker/classranker/vendor/laravel/framework/src/Illuminate/Pipeline/Pipeline.php(209): Illuminate\\Cookie\\Middleware\\EncryptCookies->handle()
#32 /home/anmol/www/html/Customization/Abhishek/web-classranker/classranker/vendor/laravel/framework/src/Illuminate/Pipeline/Pipeline.php(127): Illuminate\\Pipeline\\Pipeline->Illuminate\\Pipeline\\{closure}()
#33 /home/anmol/www/html/Customization/Abhishek/web-classranker/classranker/vendor/laravel/framework/src/Illuminate/Routing/Router.php(807): Illuminate\\Pipeline\\Pipeline->then()
#34 /home/anmol/www/html/Customization/Abhishek/web-classranker/classranker/vendor/laravel/framework/src/Illuminate/Routing/Router.php(786): Illuminate\\Routing\\Router->runRouteWithinStack()
#35 /home/anmol/www/html/Customization/Abhishek/web-classranker/classranker/vendor/laravel/framework/src/Illuminate/Routing/Router.php(750): Illuminate\\Routing\\Router->runRoute()
#36 /home/anmol/www/html/Customization/Abhishek/web-classranker/classranker/vendor/laravel/framework/src/Illuminate/Routing/Router.php(739): Illuminate\\Routing\\Router->dispatchToRoute()
#37 /home/anmol/www/html/Customization/Abhishek/web-classranker/classranker/vendor/laravel/framework/src/Illuminate/Foundation/Http/Kernel.php(201): Illuminate\\Routing\\Router->dispatch()
#38 /home/anmol/www/html/Customization/Abhishek/web-classranker/classranker/vendor/laravel/framework/src/Illuminate/Pipeline/Pipeline.php(170): Illuminate\\Foundation\\Http\\Kernel->Illuminate\\Foundation\\Http\\{closure}()
#39 /home/anmol/www/html/Customization/Abhishek/web-classranker/classranker/vendor/barryvdh/laravel-debugbar/src/Middleware/InjectDebugbar.php(66): Illuminate\\Pipeline\\Pipeline->Illuminate\\Pipeline\\{closure}()
#40 /home/anmol/www/html/Customization/Abhishek/web-classranker/classranker/vendor/laravel/framework/src/Illuminate/Pipeline/Pipeline.php(209): Barryvdh\\Debugbar\\Middleware\\InjectDebugbar->handle()
#41 /home/anmol/www/html/Customization/Abhishek/web-classranker/classranker/packages/Webkul/Installer/src/Http/Middleware/CanInstall.php(36): Illuminate\\Pipeline\\Pipeline->Illuminate\\Pipeline\\{closure}()
#42 /home/anmol/www/html/Customization/Abhishek/web-classranker/classranker/vendor/laravel/framework/src/Illuminate/Pipeline/Pipeline.php(209): Webkul\\Installer\\Http\\Middleware\\CanInstall->handle()
#43 /home/anmol/www/html/Customization/Abhishek/web-classranker/classranker/packages/Webkul/Core/src/Http/Middleware/SecureHeaders.php(26): Illuminate\\Pipeline\\Pipeline->Illuminate\\Pipeline\\{closure}()
#44 /home/anmol/www/html/Customization/Abhishek/web-classranker/classranker/vendor/laravel/framework/src/Illuminate/Pipeline/Pipeline.php(209): Webkul\\Core\\Http\\Middleware\\SecureHeaders->handle()
#45 /home/anmol/www/html/Customization/Abhishek/web-classranker/classranker/vendor/laravel/framework/src/Illuminate/Foundation/Http/Middleware/TransformsRequest.php(21): Illuminate\\Pipeline\\Pipeline->Illuminate\\Pipeline\\{closure}()
#46 /home/anmol/www/html/Customization/Abhishek/web-classranker/classranker/vendor/laravel/framework/src/Illuminate/Foundation/Http/Middleware/TrimStrings.php(51): Illuminate\\Foundation\\Http\\Middleware\\TransformsRequest->handle()
#47 /home/anmol/www/html/Customization/Abhishek/web-classranker/classranker/vendor/laravel/framework/src/Illuminate/Pipeline/Pipeline.php(209): Illuminate\\Foundation\\Http\\Middleware\\TrimStrings->handle()
#48 /home/anmol/www/html/Customization/Abhishek/web-classranker/classranker/vendor/laravel/framework/src/Illuminate/Http/Middleware/ValidatePostSize.php(27): Illuminate\\Pipeline\\Pipeline->Illuminate\\Pipeline\\{closure}()
#49 /home/anmol/www/html/Customization/Abhishek/web-classranker/classranker/vendor/laravel/framework/src/Illuminate/Pipeline/Pipeline.php(209): Illuminate\\Http\\Middleware\\ValidatePostSize->handle()
#50 /home/anmol/www/html/Customization/Abhishek/web-classranker/classranker/vendor/laravel/framework/src/Illuminate/Http/Middleware/HandleCors.php(49): Illuminate\\Pipeline\\Pipeline->Illuminate\\Pipeline\\{closure}()
#51 /home/anmol/www/html/Customization/Abhishek/web-classranker/classranker/vendor/laravel/framework/src/Illuminate/Pipeline/Pipeline.php(209): Illuminate\\Http\\Middleware\\HandleCors->handle()
#52 /home/anmol/www/html/Customization/Abhishek/web-classranker/classranker/vendor/laravel/framework/src/Illuminate/Http/Middleware/TrustProxies.php(58): Illuminate\\Pipeline\\Pipeline->Illuminate\\Pipeline\\{closure}()
#53 /home/anmol/www/html/Customization/Abhishek/web-classranker/classranker/vendor/laravel/framework/src/Illuminate/Pipeline/Pipeline.php(209): Illuminate\\Http\\Middleware\\TrustProxies->handle()
#54 /home/anmol/www/html/Customization/Abhishek/web-classranker/classranker/vendor/laravel/framework/src/Illuminate/Foundation/Http/Middleware/InvokeDeferredCallbacks.php(22): Illuminate\\Pipeline\\Pipeline->Illuminate\\Pipeline\\{closure}()
#55 /home/anmol/www/html/Customization/Abhishek/web-classranker/classranker/vendor/laravel/framework/src/Illuminate/Pipeline/Pipeline.php(209): Illuminate\\Foundation\\Http\\Middleware\\InvokeDeferredCallbacks->handle()
#56 /home/anmol/www/html/Customization/Abhishek/web-classranker/classranker/vendor/laravel/framework/src/Illuminate/Pipeline/Pipeline.php(127): Illuminate\\Pipeline\\Pipeline->Illuminate\\Pipeline\\{closure}()
#57 /home/anmol/www/html/Customization/Abhishek/web-classranker/classranker/vendor/laravel/framework/src/Illuminate/Foundation/Http/Kernel.php(176): Illuminate\\Pipeline\\Pipeline->then()
#58 /home/anmol/www/html/Customization/Abhishek/web-classranker/classranker/vendor/laravel/framework/src/Illuminate/Foundation/Http/Kernel.php(145): Illuminate\\Foundation\\Http\\Kernel->sendRequestThroughRouter()
#59 /home/anmol/www/html/Customization/Abhishek/web-classranker/classranker/public/index.php(51): Illuminate\\Foundation\\Http\\Kernel->handle()
#60 {main}
"} 
[2026-02-07 01:33:53] local.ERROR: Undefined variable $chapter (View: /home/anmol/www/html/Customization/Abhishek/web-classranker/classranker/packages/Webkul/ClassRanker/src/Resources/views/study-material/questions/edit.blade.php) {"exception":"[object] (Illuminate\\View\\ViewException(code: 0): Undefined variable $chapter (View: /home/anmol/www/html/Customization/Abhishek/web-classranker/classranker/packages/Webkul/ClassRanker/src/Resources/views/study-material/questions/edit.blade.php) at /home/anmol/www/html/Customization/Abhishek/web-classranker/classranker/storage/framework/views/903f0f73f681cc008419bbdd81bd64d2.php:19)
[stacktrace]
#0 /home/anmol/www/html/Customization/Abhishek/web-classranker/classranker/vendor/laravel/framework/src/Illuminate/View/Engines/PhpEngine.php(60): Illuminate\\View\\Engines\\CompilerEngine->handleViewException()
#1 /home/anmol/www/html/Customization/Abhishek/web-classranker/classranker/vendor/laravel/framework/src/Illuminate/View/Engines/CompilerEngine.php(75): Illuminate\\View\\Engines\\PhpEngine->evaluatePath()
#2 /home/anmol/www/html/Customization/Abhishek/web-classranker/classranker/vendor/laravel/framework/src/Illuminate/View/View.php(209): Illuminate\\View\\Engines\\CompilerEngine->get()
#3 /home/anmol/www/html/Customization/Abhishek/web-classranker/classranker/vendor/laravel/framework/src/Illuminate/View/View.php(192): Illuminate\\View\\View->getContents()
#4 /home/anmol/www/html/Customization/Abhishek/web-classranker/classranker/vendor/laravel/framework/src/Illuminate/View/View.php(161): Illuminate\\View\\View->renderContents()
#5 /home/anmol/www/html/Customization/Abhishek/web-classranker/classranker/vendor/laravel/framework/src/Illuminate/Http/Response.php(79): Illuminate\\View\\View->render()
#6 /home/anmol/www/html/Customization/Abhishek/web-classranker/classranker/vendor/laravel/framework/src/Illuminate/Http/Response.php(35): Illuminate\\Http\\Response->setContent()
#7 /home/anmol/www/html/Customization/Abhishek/web-classranker/classranker/vendor/laravel/framework/src/Illuminate/Routing/Router.php(920): Illuminate\\Http\\Response->__construct()
#8 /home/anmol/www/html/Customization/Abhishek/web-classranker/classranker/vendor/laravel/framework/src/Illuminate/Routing/Router.php(887): Illuminate\\Routing\\Router::toResponse()
#9 /home/anmol/www/html/Customization/Abhishek/web-classranker/classranker/vendor/laravel/framework/src/Illuminate/Routing/Router.php(807): Illuminate\\Routing\\Router->prepareResponse()
#10 /home/anmol/www/html/Customization/Abhishek/web-classranker/classranker/vendor/laravel/framework/src/Illuminate/Pipeline/Pipeline.php(170): Illuminate\\Routing\\Router->Illuminate\\Routing\\{closure}()
#11 /home/anmol/www/html/Customization/Abhishek/web-classranker/classranker/packages/Webkul/Core/src/Http/Middleware/NoCacheMiddleware.php(17): Illuminate\\Pipeline\\Pipeline->Illuminate\\Pipeline\\{closure}()
#12 /home/anmol/www/html/Customization/Abhishek/web-classranker/classranker/vendor/laravel/framework/src/Illuminate/Pipeline/Pipeline.php(209): Webkul\\Core\\Http\\Middleware\\NoCacheMiddleware->handle()
#13 /home/anmol/www/html/Customization/Abhishek/web-classranker/classranker/packages/Webkul/User/src/Http/Middleware/Bouncer.php(44): Illuminate\\Pipeline\\Pipeline->Illuminate\\Pipeline\\{closure}()
#14 /home/anmol/www/html/Customization/Abhishek/web-classranker/classranker/vendor/laravel/framework/src/Illuminate/Pipeline/Pipeline.php(209): Webkul\\User\\Http\\Middleware\\Bouncer->handle()
#15 /home/anmol/www/html/Customization/Abhishek/web-classranker/classranker/packages/Webkul/Core/src/Http/Middleware/PreventRequestsDuringMaintenance.php(73): Illuminate\\Pipeline\\Pipeline->Illuminate\\Pipeline\\{closure}()
#16 /home/anmol/www/html/Customization/Abhishek/web-classranker/classranker/vendor/laravel/framework/src/Illuminate/Pipeline/Pipeline.php(209): Webkul\\Core\\Http\\Middleware\\PreventRequestsDuringMaintenance->handle()
#17 /home/anmol/www/html/Customization/Abhishek/web-classranker/classranker/vendor/barryvdh/laravel-debugbar/src/Middleware/InjectDebugbar.php(66): Illuminate\\Pipeline\\Pipeline->Illuminate\\Pipeline\\{closure}()
#18 /home/anmol/www/html/Customization/Abhishek/web-classranker/classranker/vendor/laravel/framework/src/Illuminate/Pipeline/Pipeline.php(209): Barryvdh\\Debugbar\\Middleware\\InjectDebugbar->handle()
#19 /home/anmol/www/html/Customization/Abhishek/web-classranker/classranker/vendor/laravel/framework/src/Illuminate/Routing/Middleware/SubstituteBindings.php(51): Illuminate\\Pipeline\\Pipeline->Illuminate\\Pipeline\\{closure}()
#20 /home/anmol/www/html/Customization/Abhishek/web-classranker/classranker/vendor/laravel/framework/src/Illuminate/Pipeline/Pipeline.php(209): Illuminate\\Routing\\Middleware\\SubstituteBindings->handle()
#21 /home/anmol/www/html/Customization/Abhishek/web-classranker/classranker/vendor/laravel/framework/src/Illuminate/Foundation/Http/Middleware/VerifyCsrfToken.php(88): Illuminate\\Pipeline\\Pipeline->Illuminate\\Pipeline\\{closure}()
#22 /home/anmol/www/html/Customization/Abhishek/web-classranker/classranker/vendor/laravel/framework/src/Illuminate/Pipeline/Pipeline.php(209): Illuminate\\Foundation\\Http\\Middleware\\VerifyCsrfToken->handle()
#23 /home/anmol/www/html/Customization/Abhishek/web-classranker/classranker/vendor/laravel/framework/src/Illuminate/View/Middleware/ShareErrorsFromSession.php(49): Illuminate\\Pipeline\\Pipeline->Illuminate\\Pipeline\\{closure}()
#24 /home/anmol/www/html/Customization/Abhishek/web-classranker/classranker/vendor/laravel/framework/src/Illuminate/Pipeline/Pipeline.php(209): Illuminate\\View\\Middleware\\ShareErrorsFromSession->handle()
#25 /home/anmol/www/html/Customization/Abhishek/web-classranker/classranker/vendor/laravel/framework/src/Illuminate/Session/Middleware/StartSession.php(121): Illuminate\\Pipeline\\Pipeline->Illuminate\\Pipeline\\{closure}()
#26 /home/anmol/www/html/Customization/Abhishek/web-classranker/classranker/vendor/laravel/framework/src/Illuminate/Session/Middleware/StartSession.php(64): Illuminate\\Session\\Middleware\\StartSession->handleStatefulRequest()
#27 /home/anmol/www/html/Customization/Abhishek/web-classranker/classranker/vendor/laravel/framework/src/Illuminate/Pipeline/Pipeline.php(209): Illuminate\\Session\\Middleware\\StartSession->handle()
#28 /home/anmol/www/html/Customization/Abhishek/web-classranker/classranker/vendor/laravel/framework/src/Illuminate/Cookie/Middleware/AddQueuedCookiesToResponse.php(37): Illuminate\\Pipeline\\Pipeline->Illuminate\\Pipeline\\{closure}()
#29 /home/anmol/www/html/Customization/Abhishek/web-classranker/classranker/vendor/laravel/framework/src/Illuminate/Pipeline/Pipeline.php(209): Illuminate\\Cookie\\Middleware\\AddQueuedCookiesToResponse->handle()
#30 /home/anmol/www/html/Customization/Abhishek/web-classranker/classranker/vendor/laravel/framework/src/Illuminate/Cookie/Middleware/EncryptCookies.php(75): Illuminate\\Pipeline\\Pipeline->Illuminate\\Pipeline\\{closure}()
#31 /home/anmol/www/html/Customization/Abhishek/web-classranker/classranker/vendor/laravel/framework/src/Illuminate/Pipeline/Pipeline.php(209): Illuminate\\Cookie\\Middleware\\EncryptCookies->handle()
#32 /home/anmol/www/html/Customization/Abhishek/web-classranker/classranker/vendor/laravel/framework/src/Illuminate/Pipeline/Pipeline.php(127): Illuminate\\Pipeline\\Pipeline->Illuminate\\Pipeline\\{closure}()
#33 /home/anmol/www/html/Customization/Abhishek/web-classranker/classranker/vendor/laravel/framework/src/Illuminate/Routing/Router.php(807): Illuminate\\Pipeline\\Pipeline->then()
#34 /home/anmol/www/html/Customization/Abhishek/web-classranker/classranker/vendor/laravel/framework/src/Illuminate/Routing/Router.php(786): Illuminate\\Routing\\Router->runRouteWithinStack()
#35 /home/anmol/www/html/Customization/Abhishek/web-classranker/classranker/vendor/laravel/framework/src/Illuminate/Routing/Router.php(750): Illuminate\\Routing\\Router->runRoute()
#36 /home/anmol/www/html/Customization/Abhishek/web-classranker/classranker/vendor/laravel/framework/src/Illuminate/Routing/Router.php(739): Illuminate\\Routing\\Router->dispatchToRoute()
#37 /home/anmol/www/html/Customization/Abhishek/web-classranker/classranker/vendor/laravel/framework/src/Illuminate/Foundation/Http/Kernel.php(201): Illuminate\\Routing\\Router->dispatch()
#38 /home/anmol/www/html/Customization/Abhishek/web-classranker/classranker/vendor/laravel/framework/src/Illuminate/Pipeline/Pipeline.php(170): Illuminate\\Foundation\\Http\\Kernel->Illuminate\\Foundation\\Http\\{closure}()
#39 /home/anmol/www/html/Customization/Abhishek/web-classranker/classranker/vendor/barryvdh/laravel-debugbar/src/Middleware/InjectDebugbar.php(66): Illuminate\\Pipeline\\Pipeline->Illuminate\\Pipeline\\{closure}()
#40 /home/anmol/www/html/Customization/Abhishek/web-classranker/classranker/vendor/laravel/framework/src/Illuminate/Pipeline/Pipeline.php(209): Barryvdh\\Debugbar\\Middleware\\InjectDebugbar->handle()
#41 /home/anmol/www/html/Customization/Abhishek/web-classranker/classranker/packages/Webkul/Installer/src/Http/Middleware/CanInstall.php(36): Illuminate\\Pipeline\\Pipeline->Illuminate\\Pipeline\\{closure}()
#42 /home/anmol/www/html/Customization/Abhishek/web-classranker/classranker/vendor/laravel/framework/src/Illuminate/Pipeline/Pipeline.php(209): Webkul\\Installer\\Http\\Middleware\\CanInstall->handle()
#43 /home/anmol/www/html/Customization/Abhishek/web-classranker/classranker/packages/Webkul/Core/src/Http/Middleware/SecureHeaders.php(26): Illuminate\\Pipeline\\Pipeline->Illuminate\\Pipeline\\{closure}()
#44 /home/anmol/www/html/Customization/Abhishek/web-classranker/classranker/vendor/laravel/framework/src/Illuminate/Pipeline/Pipeline.php(209): Webkul\\Core\\Http\\Middleware\\SecureHeaders->handle()
#45 /home/anmol/www/html/Customization/Abhishek/web-classranker/classranker/vendor/laravel/framework/src/Illuminate/Foundation/Http/Middleware/TransformsRequest.php(21): Illuminate\\Pipeline\\Pipeline->Illuminate\\Pipeline\\{closure}()
#46 /home/anmol/www/html/Customization/Abhishek/web-classranker/classranker/vendor/laravel/framework/src/Illuminate/Foundation/Http/Middleware/TrimStrings.php(51): Illuminate\\Foundation\\Http\\Middleware\\TransformsRequest->handle()
#47 /home/anmol/www/html/Customization/Abhishek/web-classranker/classranker/vendor/laravel/framework/src/Illuminate/Pipeline/Pipeline.php(209): Illuminate\\Foundation\\Http\\Middleware\\TrimStrings->handle()
#48 /home/anmol/www/html/Customization/Abhishek/web-classranker/classranker/vendor/laravel/framework/src/Illuminate/Http/Middleware/ValidatePostSize.php(27): Illuminate\\Pipeline\\Pipeline->Illuminate\\Pipeline\\{closure}()
#49 /home/anmol/www/html/Customization/Abhishek/web-classranker/classranker/vendor/laravel/framework/src/Illuminate/Pipeline/Pipeline.php(209): Illuminate\\Http\\Middleware\\ValidatePostSize->handle()
#50 /home/anmol/www/html/Customization/Abhishek/web-classranker/classranker/vendor/laravel/framework/src/Illuminate/Http/Middleware/HandleCors.php(49): Illuminate\\Pipeline\\Pipeline->Illuminate\\Pipeline\\{closure}()
#51 /home/anmol/www/html/Customization/Abhishek/web-classranker/classranker/vendor/laravel/framework/src/Illuminate/Pipeline/Pipeline.php(209): Illuminate\\Http\\Middleware\\HandleCors->handle()
#52 /home/anmol/www/html/Customization/Abhishek/web-classranker/classranker/vendor/laravel/framework/src/Illuminate/Http/Middleware/TrustProxies.php(58): Illuminate\\Pipeline\\Pipeline->Illuminate\\Pipeline\\{closure}()
#53 /home/anmol/www/html/Customization/Abhishek/web-classranker/classranker/vendor/laravel/framework/src/Illuminate/Pipeline/Pipeline.php(209): Illuminate\\Http\\Middleware\\TrustProxies->handle()
#54 /home/anmol/www/html/Customization/Abhishek/web-classranker/classranker/vendor/laravel/framework/src/Illuminate/Foundation/Http/Middleware/InvokeDeferredCallbacks.php(22): Illuminate\\Pipeline\\Pipeline->Illuminate\\Pipeline\\{closure}()
#55 /home/anmol/www/html/Customization/Abhishek/web-classranker/classranker/vendor/laravel/framework/src/Illuminate/Pipeline/Pipeline.php(209): Illuminate\\Foundation\\Http\\Middleware\\InvokeDeferredCallbacks->handle()
#56 /home/anmol/www/html/Customization/Abhishek/web-classranker/classranker/vendor/laravel/framework/src/Illuminate/Pipeline/Pipeline.php(127): Illuminate\\Pipeline\\Pipeline->Illuminate\\Pipeline\\{closure}()
#57 /home/anmol/www/html/Customization/Abhishek/web-classranker/classranker/vendor/laravel/framework/src/Illuminate/Foundation/Http/Kernel.php(176): Illuminate\\Pipeline\\Pipeline->then()
#58 /home/anmol/www/html/Customization/Abhishek/web-classranker/classranker/vendor/laravel/framework/src/Illuminate/Foundation/Http/Kernel.php(145): Illuminate\\Foundation\\Http\\Kernel->sendRequestThroughRouter()
#59 /home/anmol/www/html/Customization/Abhishek/web-classranker/classranker/public/index.php(51): Illuminate\\Foundation\\Http\\Kernel->handle()
#60 {main}

[previous exception] [object] (ErrorException(code: 0): Undefined variable $chapter at /home/anmol/www/html/Customization/Abhishek/web-classranker/classranker/storage/framework/views/903f0f73f681cc008419bbdd81bd64d2.php:19)
[stacktrace]
#0 /home/anmol/www/html/Customization/Abhishek/web-classranker/classranker/vendor/laravel/framework/src/Illuminate/Foundation/Bootstrap/HandleExceptions.php(256): Illuminate\\Foundation\\Bootstrap\\HandleExceptions->handleError()
#1 /home/anmol/www/html/Customization/Abhishek/web-classranker/classranker/storage/framework/views/903f0f73f681cc008419bbdd81bd64d2.php(19): Illuminate\\Foundation\\Bootstrap\\HandleExceptions->Illuminate\\Foundation\\Bootstrap\\{closure}()
#2 /home/anmol/www/html/Customization/Abhishek/web-classranker/classranker/vendor/laravel/framework/src/Illuminate/Filesystem/Filesystem.php(123): require('...')
#3 /home/anmol/www/html/Customization/Abhishek/web-classranker/classranker/vendor/laravel/framework/src/Illuminate/Filesystem/Filesystem.php(124): Illuminate\\Filesystem\\Filesystem::Illuminate\\Filesystem\\{closure}()
#4 /home/anmol/www/html/Customization/Abhishek/web-classranker/classranker/vendor/laravel/framework/src/Illuminate/View/Engines/PhpEngine.php(58): Illuminate\\Filesystem\\Filesystem->getRequire()
#5 /home/anmol/www/html/Customization/Abhishek/web-classranker/classranker/vendor/laravel/framework/src/Illuminate/View/Engines/CompilerEngine.php(75): Illuminate\\View\\Engines\\PhpEngine->evaluatePath()
#6 /home/anmol/www/html/Customization/Abhishek/web-classranker/classranker/vendor/laravel/framework/src/Illuminate/View/View.php(209): Illuminate\\View\\Engines\\CompilerEngine->get()
#7 /home/anmol/www/html/Customization/Abhishek/web-classranker/classranker/vendor/laravel/framework/src/Illuminate/View/View.php(192): Illuminate\\View\\View->getContents()
#8 /home/anmol/www/html/Customization/Abhishek/web-classranker/classranker/vendor/laravel/framework/src/Illuminate/View/View.php(161): Illuminate\\View\\View->renderContents()
#9 /home/anmol/www/html/Customization/Abhishek/web-classranker/classranker/vendor/laravel/framework/src/Illuminate/Http/Response.php(79): Illuminate\\View\\View->render()
#10 /home/anmol/www/html/Customization/Abhishek/web-classranker/classranker/vendor/laravel/framework/src/Illuminate/Http/Response.php(35): Illuminate\\Http\\Response->setContent()
#11 /home/anmol/www/html/Customization/Abhishek/web-classranker/classranker/vendor/laravel/framework/src/Illuminate/Routing/Router.php(920): Illuminate\\Http\\Response->__construct()
#12 /home/anmol/www/html/Customization/Abhishek/web-classranker/classranker/vendor/laravel/framework/src/Illuminate/Routing/Router.php(887): Illuminate\\Routing\\Router::toResponse()
#13 /home/anmol/www/html/Customization/Abhishek/web-classranker/classranker/vendor/laravel/framework/src/Illuminate/Routing/Router.php(807): Illuminate\\Routing\\Router->prepareResponse()
#14 /home/anmol/www/html/Customization/Abhishek/web-classranker/classranker/vendor/laravel/framework/src/Illuminate/Pipeline/Pipeline.php(170): Illuminate\\Routing\\Router->Illuminate\\Routing\\{closure}()
#15 /home/anmol/www/html/Customization/Abhishek/web-classranker/classranker/packages/Webkul/Core/src/Http/Middleware/NoCacheMiddleware.php(17): Illuminate\\Pipeline\\Pipeline->Illuminate\\Pipeline\\{closure}()
#16 /home/anmol/www/html/Customization/Abhishek/web-classranker/classranker/vendor/laravel/framework/src/Illuminate/Pipeline/Pipeline.php(209): Webkul\\Core\\Http\\Middleware\\NoCacheMiddleware->handle()
#17 /home/anmol/www/html/Customization/Abhishek/web-classranker/classranker/packages/Webkul/User/src/Http/Middleware/Bouncer.php(44): Illuminate\\Pipeline\\Pipeline->Illuminate\\Pipeline\\{closure}()
#18 /home/anmol/www/html/Customization/Abhishek/web-classranker/classranker/vendor/laravel/framework/src/Illuminate/Pipeline/Pipeline.php(209): Webkul\\User\\Http\\Middleware\\Bouncer->handle()
#19 /home/anmol/www/html/Customization/Abhishek/web-classranker/classranker/packages/Webkul/Core/src/Http/Middleware/PreventRequestsDuringMaintenance.php(73): Illuminate\\Pipeline\\Pipeline->Illuminate\\Pipeline\\{closure}()
#20 /home/anmol/www/html/Customization/Abhishek/web-classranker/classranker/vendor/laravel/framework/src/Illuminate/Pipeline/Pipeline.php(209): Webkul\\Core\\Http\\Middleware\\PreventRequestsDuringMaintenance->handle()
#21 /home/anmol/www/html/Customization/Abhishek/web-classranker/classranker/vendor/barryvdh/laravel-debugbar/src/Middleware/InjectDebugbar.php(66): Illuminate\\Pipeline\\Pipeline->Illuminate\\Pipeline\\{closure}()
#22 /home/anmol/www/html/Customization/Abhishek/web-classranker/classranker/vendor/laravel/framework/src/Illuminate/Pipeline/Pipeline.php(209): Barryvdh\\Debugbar\\Middleware\\InjectDebugbar->handle()
#23 /home/anmol/www/html/Customization/Abhishek/web-classranker/classranker/vendor/laravel/framework/src/Illuminate/Routing/Middleware/SubstituteBindings.php(51): Illuminate\\Pipeline\\Pipeline->Illuminate\\Pipeline\\{closure}()
#24 /home/anmol/www/html/Customization/Abhishek/web-classranker/classranker/vendor/laravel/framework/src/Illuminate/Pipeline/Pipeline.php(209): Illuminate\\Routing\\Middleware\\SubstituteBindings->handle()
#25 /home/anmol/www/html/Customization/Abhishek/web-classranker/classranker/vendor/laravel/framework/src/Illuminate/Foundation/Http/Middleware/VerifyCsrfToken.php(88): Illuminate\\Pipeline\\Pipeline->Illuminate\\Pipeline\\{closure}()
#26 /home/anmol/www/html/Customization/Abhishek/web-classranker/classranker/vendor/laravel/framework/src/Illuminate/Pipeline/Pipeline.php(209): Illuminate\\Foundation\\Http\\Middleware\\VerifyCsrfToken->handle()
#27 /home/anmol/www/html/Customization/Abhishek/web-classranker/classranker/vendor/laravel/framework/src/Illuminate/View/Middleware/ShareErrorsFromSession.php(49): Illuminate\\Pipeline\\Pipeline->Illuminate\\Pipeline\\{closure}()
#28 /home/anmol/www/html/Customization/Abhishek/web-classranker/classranker/vendor/laravel/framework/src/Illuminate/Pipeline/Pipeline.php(209): Illuminate\\View\\Middleware\\ShareErrorsFromSession->handle()
#29 /home/anmol/www/html/Customization/Abhishek/web-classranker/classranker/vendor/laravel/framework/src/Illuminate/Session/Middleware/StartSession.php(121): Illuminate\\Pipeline\\Pipeline->Illuminate\\Pipeline\\{closure}()
#30 /home/anmol/www/html/Customization/Abhishek/web-classranker/classranker/vendor/laravel/framework/src/Illuminate/Session/Middleware/StartSession.php(64): Illuminate\\Session\\Middleware\\StartSession->handleStatefulRequest()
#31 /home/anmol/www/html/Customization/Abhishek/web-classranker/classranker/vendor/laravel/framework/src/Illuminate/Pipeline/Pipeline.php(209): Illuminate\\Session\\Middleware\\StartSession->handle()
#32 /home/anmol/www/html/Customization/Abhishek/web-classranker/classranker/vendor/laravel/framework/src/Illuminate/Cookie/Middleware/AddQueuedCookiesToResponse.php(37): Illuminate\\Pipeline\\Pipeline->Illuminate\\Pipeline\\{closure}()
#33 /home/anmol/www/html/Customization/Abhishek/web-classranker/classranker/vendor/laravel/framework/src/Illuminate/Pipeline/Pipeline.php(209): Illuminate\\Cookie\\Middleware\\AddQueuedCookiesToResponse->handle()
#34 /home/anmol/www/html/Customization/Abhishek/web-classranker/classranker/vendor/laravel/framework/src/Illuminate/Cookie/Middleware/EncryptCookies.php(75): Illuminate\\Pipeline\\Pipeline->Illuminate\\Pipeline\\{closure}()
#35 /home/anmol/www/html/Customization/Abhishek/web-classranker/classranker/vendor/laravel/framework/src/Illuminate/Pipeline/Pipeline.php(209): Illuminate\\Cookie\\Middleware\\EncryptCookies->handle()
#36 /home/anmol/www/html/Customization/Abhishek/web-classranker/classranker/vendor/laravel/framework/src/Illuminate/Pipeline/Pipeline.php(127): Illuminate\\Pipeline\\Pipeline->Illuminate\\Pipeline\\{closure}()
#37 /home/anmol/www/html/Customization/Abhishek/web-classranker/classranker/vendor/laravel/framework/src/Illuminate/Routing/Router.php(807): Illuminate\\Pipeline\\Pipeline->then()
#38 /home/anmol/www/html/Customization/Abhishek/web-classranker/classranker/vendor/laravel/framework/src/Illuminate/Routing/Router.php(786): Illuminate\\Routing\\Router->runRouteWithinStack()
#39 /home/anmol/www/html/Customization/Abhishek/web-classranker/classranker/vendor/laravel/framework/src/Illuminate/Routing/Router.php(750): Illuminate\\Routing\\Router->runRoute()
#40 /home/anmol/www/html/Customization/Abhishek/web-classranker/classranker/vendor/laravel/framework/src/Illuminate/Routing/Router.php(739): Illuminate\\Routing\\Router->dispatchToRoute()
#41 /home/anmol/www/html/Customization/Abhishek/web-classranker/classranker/vendor/laravel/framework/src/Illuminate/Foundation/Http/Kernel.php(201): Illuminate\\Routing\\Router->dispatch()
#42 /home/anmol/www/html/Customization/Abhishek/web-classranker/classranker/vendor/laravel/framework/src/Illuminate/Pipeline/Pipeline.php(170): Illuminate\\Foundation\\Http\\Kernel->Illuminate\\Foundation\\Http\\{closure}()
#43 /home/anmol/www/html/Customization/Abhishek/web-classranker/classranker/vendor/barryvdh/laravel-debugbar/src/Middleware/InjectDebugbar.php(66): Illuminate\\Pipeline\\Pipeline->Illuminate\\Pipeline\\{closure}()
#44 /home/anmol/www/html/Customization/Abhishek/web-classranker/classranker/vendor/laravel/framework/src/Illuminate/Pipeline/Pipeline.php(209): Barryvdh\\Debugbar\\Middleware\\InjectDebugbar->handle()
#45 /home/anmol/www/html/Customization/Abhishek/web-classranker/classranker/packages/Webkul/Installer/src/Http/Middleware/CanInstall.php(36): Illuminate\\Pipeline\\Pipeline->Illuminate\\Pipeline\\{closure}()
#46 /home/anmol/www/html/Customization/Abhishek/web-classranker/classranker/vendor/laravel/framework/src/Illuminate/Pipeline/Pipeline.php(209): Webkul\\Installer\\Http\\Middleware\\CanInstall->handle()
#47 /home/anmol/www/html/Customization/Abhishek/web-classranker/classranker/packages/Webkul/Core/src/Http/Middleware/SecureHeaders.php(26): Illuminate\\Pipeline\\Pipeline->Illuminate\\Pipeline\\{closure}()
#48 /home/anmol/www/html/Customization/Abhishek/web-classranker/classranker/vendor/laravel/framework/src/Illuminate/Pipeline/Pipeline.php(209): Webkul\\Core\\Http\\Middleware\\SecureHeaders->handle()
#49 /home/anmol/www/html/Customization/Abhishek/web-classranker/classranker/vendor/laravel/framework/src/Illuminate/Foundation/Http/Middleware/TransformsRequest.php(21): Illuminate\\Pipeline\\Pipeline->Illuminate\\Pipeline\\{closure}()
#50 /home/anmol/www/html/Customization/Abhishek/web-classranker/classranker/vendor/laravel/framework/src/Illuminate/Foundation/Http/Middleware/TrimStrings.php(51): Illuminate\\Foundation\\Http\\Middleware\\TransformsRequest->handle()
#51 /home/anmol/www/html/Customization/Abhishek/web-classranker/classranker/vendor/laravel/framework/src/Illuminate/Pipeline/Pipeline.php(209): Illuminate\\Foundation\\Http\\Middleware\\TrimStrings->handle()
#52 /home/anmol/www/html/Customization/Abhishek/web-classranker/classranker/vendor/laravel/framework/src/Illuminate/Http/Middleware/ValidatePostSize.php(27): Illuminate\\Pipeline\\Pipeline->Illuminate\\Pipeline\\{closure}()
#53 /home/anmol/www/html/Customization/Abhishek/web-classranker/classranker/vendor/laravel/framework/src/Illuminate/Pipeline/Pipeline.php(209): Illuminate\\Http\\Middleware\\ValidatePostSize->handle()
#54 /home/anmol/www/html/Customization/Abhishek/web-classranker/classranker/vendor/laravel/framework/src/Illuminate/Http/Middleware/HandleCors.php(49): Illuminate\\Pipeline\\Pipeline->Illuminate\\Pipeline\\{closure}()
#55 /home/anmol/www/html/Customization/Abhishek/web-classranker/classranker/vendor/laravel/framework/src/Illuminate/Pipeline/Pipeline.php(209): Illuminate\\Http\\Middleware\\HandleCors->handle()
#56 /home/anmol/www/html/Customization/Abhishek/web-classranker/classranker/vendor/laravel/framework/src/Illuminate/Http/Middleware/TrustProxies.php(58): Illuminate\\Pipeline\\Pipeline->Illuminate\\Pipeline\\{closure}()
#57 /home/anmol/www/html/Customization/Abhishek/web-classranker/classranker/vendor/laravel/framework/src/Illuminate/Pipeline/Pipeline.php(209): Illuminate\\Http\\Middleware\\TrustProxies->handle()
#58 /home/anmol/www/html/Customization/Abhishek/web-classranker/classranker/vendor/laravel/framework/src/Illuminate/Foundation/Http/Middleware/InvokeDeferredCallbacks.php(22): Illuminate\\Pipeline\\Pipeline->Illuminate\\Pipeline\\{closure}()
#59 /home/anmol/www/html/Customization/Abhishek/web-classranker/classranker/vendor/laravel/framework/src/Illuminate/Pipeline/Pipeline.php(209): Illuminate\\Foundation\\Http\\Middleware\\InvokeDeferredCallbacks->handle()
#60 /home/anmol/www/html/Customization/Abhishek/web-classranker/classranker/vendor/laravel/framework/src/Illuminate/Pipeline/Pipeline.php(127): Illuminate\\Pipeline\\Pipeline->Illuminate\\Pipeline\\{closure}()
#61 /home/anmol/www/html/Customization/Abhishek/web-classranker/classranker/vendor/laravel/framework/src/Illuminate/Foundation/Http/Kernel.php(176): Illuminate\\Pipeline\\Pipeline->then()
#62 /home/anmol/www/html/Customization/Abhishek/web-classranker/classranker/vendor/laravel/framework/src/Illuminate/Foundation/Http/Kernel.php(145): Illuminate\\Foundation\\Http\\Kernel->sendRequestThroughRouter()
#63 /home/anmol/www/html/Customization/Abhishek/web-classranker/classranker/public/index.php(51): Illuminate\\Foundation\\Http\\Kernel->handle()
#64 {main}
"} 
